


ARM Macro Assembler    Page 1 


    1 00000000         ;lcd.s
    2 00000000         ; Desenvolvido para a placa EK-TM4C1294XL
    3 00000000         ; Jhony Minetto Araujo, Ricardo Marthus Gremmelmaier, Ro
                       drigo Wolsky Poli
    4 00000000         ; Ver 1 02/12/2024
    5 00000000         ; Ver 2 29/01/2025
    6 00000000         
    7 00000000         
    8 00000000         ; ------------------------------------------------------
                       -------------------------
    9 00000000                 PRESERVE8        {TRUE}
   10 00000000                 THUMB                        ; Instrucoes do tip
                                                            o Thumb-2
   11 00000000         ; ------------------------------------------------------
                       -------------------------
   12 00000000         ; Declaracoes EQU - Defines
   13 00000000         ; ========================
   14 00000000 400613FC 
                       GPIO_PORTK_DATA_R
                               EQU              0x400613FC
   15 00000000 400633FC 
                       GPIO_PORTM_DATA_R
                               EQU              0x400633FC
   16 00000000         
   17 00000000         
   18 00000000         ; ================== DEFINICAO DA TABELA ===============
                       ====
   19 00000000         
   20 00000000 00000030 
                       char_0  EQU              2_00110000
   21 00000000 00000031 
                       char_1  EQU              2_00110001
   22 00000000 00000032 
                       char_2  EQU              2_00110010
   23 00000000 00000033 
                       char_3  EQU              2_00110011
   24 00000000 00000034 
                       char_4  EQU              2_00110100
   25 00000000 00000035 
                       char_5  EQU              2_00110101
   26 00000000 00000036 
                       char_6  EQU              2_00110110
   27 00000000 00000037 
                       char_7  EQU              2_00110111
   28 00000000 00000038 
                       char_8  EQU              2_00111000
   29 00000000 00000039 
                       char_9  EQU              2_00111001
   30 00000000 000000A5 
                       char_cdot
                               EQU              2_10100101
   31 00000000 0000002E 
                       char_dot
                               EQU              2_00101110
   32 00000000 000000DF 
                       char_angle
                               EQU              2_11011111
   33 00000000 0000002B 
                       char_plus



ARM Macro Assembler    Page 2 


                               EQU              2_00101011
   34 00000000 0000002D 
                       char_minus
                               EQU              2_00101101
   35 00000000 00000020 
                       char_space
                               EQU              2_00100000
   36 00000000 0000003A 
                       char_dois_pontos
                               EQU              2_00111010
   37 00000000 00000029 
                       char_parenteses_dir
                               EQU              2_00101001
   38 00000000 00000041 
                       char_A  EQU              2_01000001
   39 00000000 00000058 
                       char_D  EQU              2_01011000
   40 00000000 00000049 
                       char_I  EQU              2_01001001
   41 00000000 0000004D 
                       char_M  EQU              2_01001101
   42 00000000 00000050 
                       char_P  EQU              2_01010000
   43 00000000 00000052 
                       char_R  EQU              2_01010010
   44 00000000 00000056 
                       char_V  EQU              2_01010110
   45 00000000 00000061 
                       char_a  EQU              2_01100001
   46 00000000 00000062 
                       char_b  EQU              2_01100010
   47 00000000 00000063 
                       char_c  EQU              2_01100011
   48 00000000 00000064 
                       char_d  EQU              2_01100100
   49 00000000 00000065 
                       char_e  EQU              2_01100101
   50 00000000 00000067 
                       char_g  EQU              2_01100111
   51 00000000 00000069 
                       char_i  EQU              2_01101001
   52 00000000 0000006C 
                       char_l  EQU              2_01101100
   53 00000000 0000006D 
                       char_m  EQU              2_01101101
   54 00000000 0000006E 
                       char_n  EQU              2_01101110
   55 00000000 0000006F 
                       char_o  EQU              2_01101111
   56 00000000 00000070 
                       char_p  EQU              2_01110000
   57 00000000 00000072 
                       char_r  EQU              2_01110010
   58 00000000 00000073 
                       char_s  EQU              2_01110011
   59 00000000 00000074 
                       char_t  EQU              2_01110100
   60 00000000 00000075 
                       char_u  EQU              2_01110101



ARM Macro Assembler    Page 3 


   61 00000000 00000078 
                       char_x  EQU              2_01111000
   62 00000000         
   63 00000000         
   64 00000000 20020004 
                       CURR_KEY
                               EQU              0x20020004
   65 00000000 20030000 
                       ANGLE   EQU              0x20030000
   66 00000000 20030004 
                       TURN    EQU              0x20030004
   67 00000000 20030008 
                       MODE    EQU              0x20030008
   68 00000000 2003000C 
                       APOLARITY
                               EQU              0x2003000C
   69 00000000 20030010 
                       TPOLARITY
                               EQU              0x20030010
   70 00000000         
   71 00000000         ; ------------------------------------------------------
                       -------------------------
   72 00000000         ; Area de Codigo
   73 00000000                 AREA             |.text|, CODE, READONLY, ALIGN=
2
   74 00000000         
   75 00000000                 EXPORT           create_data_row
   76 00000000                 EXPORT           create_increment_row
   77 00000000                 EXPORT           create_reset_row
   78 00000000                 EXPORT           create_mode_row
   79 00000000         
   80 00000000                 IMPORT           SysTick_Wait1ms
   81 00000000                 IMPORT           SysTick_Wait1us
   82 00000000         
   83 00000000                 IMPORT           LCD_Display_Number
   84 00000000                 IMPORT           LCD_Display_Character
   85 00000000                 IMPORT           LCD_go_to_second_line
   86 00000000                 IMPORT           LCD_Reset
   87 00000000         ; ------------------------------------------------------
                       ------------------------
   88 00000000         ; Funcao create_data_row
   89 00000000         ; Seta hardcode no LCD para apresentar "Angulo: ang Volt
                       a: turn"
   90 00000000         ; Parametro de entrada: nenhum
   91 00000000         ; Parametro de saida: nenhum
   92 00000000         create_data_row
   93 00000000 B500            PUSH             {LR}
   94 00000002         
   95 00000002 F7FF FFFE       BL               LCD_Reset
   96 00000006         
   97 00000006 F04F 0041       LDR              R0, =char_A
   98 0000000A F7FF FFFE       BL               LCD_Display_Character
   99 0000000E F04F 006E       LDR              R0, =char_n
  100 00000012 F7FF FFFE       BL               LCD_Display_Character
  101 00000016 F04F 0067       LDR              R0, =char_g
  102 0000001A F7FF FFFE       BL               LCD_Display_Character
  103 0000001E F04F 0075       LDR              R0, =char_u
  104 00000022 F7FF FFFE       BL               LCD_Display_Character
  105 00000026 F04F 006C       LDR              R0, =char_l



ARM Macro Assembler    Page 4 


  106 0000002A F7FF FFFE       BL               LCD_Display_Character
  107 0000002E F04F 006F       LDR              R0, =char_o
  108 00000032 F7FF FFFE       BL               LCD_Display_Character
  109 00000036 F04F 003A       LDR              R0, =char_dois_pontos
  110 0000003A F7FF FFFE       BL               LCD_Display_Character
  111 0000003E F04F 0020       LDR              R0, =char_space
  112 00000042 F7FF FFFE       BL               LCD_Display_Character
  113 00000046         ;Aqui fazer receber o valor de ang, separar ele em até 
                       3 digitos e mostrar
  114 00000046         
  115 00000046 49C2            LDR              R1, =APOLARITY
  116 00000048 6808            LDR              R0, [R1]
  117 0000004A 2800            CMP              R0, #0
  118 0000004C D003            BEQ              positive
  119 0000004E         
  120 0000004E F04F 002D       LDR              R0, =char_minus
  121 00000052 F7FF FFFE       BL               LCD_Display_Character
  122 00000056         positive
  123 00000056         
  124 00000056 49BF            LDR              R1, =ANGLE
  125 00000058 6808            LDR              R0, [R1]
  126 0000005A F7FF FFFE       BL               LCD_Display_Number 
                                                            ; Chama função C
  127 0000005E         
  128 0000005E F04F 00DF       LDR              R0, =char_angle
  129 00000062 F7FF FFFE       BL               LCD_Display_Character
  130 00000066         
  131 00000066 F7FF FFFE       BL               LCD_go_to_second_line
  132 0000006A         
  133 0000006A F04F 0056       LDR              R0, =char_V
  134 0000006E F7FF FFFE       BL               LCD_Display_Character
  135 00000072 F04F 006F       LDR              R0, =char_o
  136 00000076 F7FF FFFE       BL               LCD_Display_Character
  137 0000007A F04F 006C       LDR              R0, =char_l
  138 0000007E F7FF FFFE       BL               LCD_Display_Character
  139 00000082 F04F 0074       LDR              R0, =char_t
  140 00000086 F7FF FFFE       BL               LCD_Display_Character
  141 0000008A F04F 0061       LDR              R0, =char_a
  142 0000008E F7FF FFFE       BL               LCD_Display_Character
  143 00000092 F04F 003A       LDR              R0, =char_dois_pontos
  144 00000096 F7FF FFFE       BL               LCD_Display_Character
  145 0000009A F04F 0020       LDR              R0, =char_space
  146 0000009E F7FF FFFE       BL               LCD_Display_Character
  147 000000A2         ;Aqui fazer receber o valor de turn, separar ele em até
                        3 digitos e mostrar, lembrar que pode ser negativo
  148 000000A2         
  149 000000A2 49AD            LDR              R1, =TPOLARITY
  150 000000A4 6808            LDR              R0, [R1]
  151 000000A6 2800            CMP              R0, #0
  152 000000A8 D003            BEQ              positive2
  153 000000AA         
  154 000000AA F04F 002D       LDR              R0, =char_minus
  155 000000AE F7FF FFFE       BL               LCD_Display_Character
  156 000000B2         positive2
  157 000000B2         
  158 000000B2 49AA            LDR              R1, =TURN
  159 000000B4 6808            LDR              R0, [R1]
  160 000000B6 F7FF FFFE       BL               LCD_Display_Number 
                                                            ; Chama função C



ARM Macro Assembler    Page 5 


  161 000000BA         
  162 000000BA F85D EB04       POP              {LR}
  163 000000BE 4770            BX               LR
  164 000000C0         
  165 000000C0         ; ------------------------------------------------------
                       ------------------------
  166 000000C0         ; Funcao create_increment_row
  167 000000C0         ; Seta hardcode no LCD para apresentar "Incremento: inc"
                       
  168 000000C0         ; Parametro de entrada: nenhum
  169 000000C0         ; Parametro de saida: nenhum
  170 000000C0         create_increment_row
  171 000000C0 B500            PUSH             {LR}
  172 000000C2         
  173 000000C2 F7FF FFFE       BL               LCD_Reset
  174 000000C6         
  175 000000C6 F04F 0049       LDR              R0, =char_I
  176 000000CA F7FF FFFE       BL               LCD_Display_Character
  177 000000CE F04F 006E       LDR              R0, =char_n
  178 000000D2 F7FF FFFE       BL               LCD_Display_Character
  179 000000D6 F04F 0063       LDR              R0, =char_c
  180 000000DA F7FF FFFE       BL               LCD_Display_Character
  181 000000DE F04F 0072       LDR              R0, =char_r
  182 000000E2 F7FF FFFE       BL               LCD_Display_Character
  183 000000E6 F04F 0065       LDR              R0, =char_e
  184 000000EA F7FF FFFE       BL               LCD_Display_Character
  185 000000EE F04F 006D       LDR              R0, =char_m
  186 000000F2 F7FF FFFE       BL               LCD_Display_Character
  187 000000F6 F04F 0065       LDR              R0, =char_e
  188 000000FA F7FF FFFE       BL               LCD_Display_Character
  189 000000FE F04F 006E       LDR              R0, =char_n
  190 00000102 F7FF FFFE       BL               LCD_Display_Character
  191 00000106 F04F 0074       LDR              R0, =char_t
  192 0000010A F7FF FFFE       BL               LCD_Display_Character
  193 0000010E F04F 006F       LDR              R0, =char_o
  194 00000112 F7FF FFFE       BL               LCD_Display_Character
  195 00000116 F04F 003A       LDR              R0, =char_dois_pontos
  196 0000011A F7FF FFFE       BL               LCD_Display_Character
  197 0000011E F04F 0020       LDR              R0, =char_space
  198 00000122 F7FF FFFE       BL               LCD_Display_Character
  199 00000126         
  200 00000126         
  201 00000126 F85D EB04       POP              {LR}
  202 0000012A 4770            BX               LR
  203 0000012C         
  204 0000012C         ; ------------------------------------------------------
                       ------------------------
  205 0000012C         ; Funcao create_mode_row
  206 0000012C         ; Seta hardcode no LCD para apresentar "Modo: mode"
  207 0000012C         ; Parametro de entrada: nenhum
  208 0000012C         ; Parametro de saida: nenhum
  209 0000012C         create_mode_row
  210 0000012C B500            PUSH             {LR}
  211 0000012E         
  212 0000012E F04F 004D       LDR              R0, =char_M
  213 00000132 F7FF FFFE       BL               LCD_Display_Character
  214 00000136 F04F 006F       LDR              R0, =char_o
  215 0000013A F7FF FFFE       BL               LCD_Display_Character
  216 0000013E F04F 0064       LDR              R0, =char_d



ARM Macro Assembler    Page 6 


  217 00000142 F7FF FFFE       BL               LCD_Display_Character
  218 00000146 F04F 006F       LDR              R0, =char_o
  219 0000014A F7FF FFFE       BL               LCD_Display_Character
  220 0000014E F04F 003A       LDR              R0, =char_dois_pontos
  221 00000152 F7FF FFFE       BL               LCD_Display_Character
  222 00000156         
  223 00000156 F7FF FFFE       BL               LCD_go_to_second_line
  224 0000015A         
  225 0000015A 4881            LDR              R0, =MODE
  226 0000015C 2800            CMP              R0, #0      ;0 = passo completo
                                                            , 1 = meio passo
  227 0000015E D028            BEQ              full_step
  228 00000160         
  229 00000160 F04F 004D       LDR              R0, =char_M
  230 00000164 F7FF FFFE       BL               LCD_Display_Character
  231 00000168 F04F 0065       LDR              R0, =char_e
  232 0000016C F7FF FFFE       BL               LCD_Display_Character
  233 00000170 F04F 0069       LDR              R0, =char_i
  234 00000174 F7FF FFFE       BL               LCD_Display_Character
  235 00000178 F04F 006F       LDR              R0, =char_o
  236 0000017C F7FF FFFE       BL               LCD_Display_Character
  237 00000180 F04F 002D       LDR              R0, =char_minus
  238 00000184 F7FF FFFE       BL               LCD_Display_Character
  239 00000188 F04F 0070       LDR              R0, =char_p
  240 0000018C F7FF FFFE       BL               LCD_Display_Character
  241 00000190 F04F 0061       LDR              R0, =char_a
  242 00000194 F7FF FFFE       BL               LCD_Display_Character
  243 00000198 F04F 0073       LDR              R0, =char_s
  244 0000019C F7FF FFFE       BL               LCD_Display_Character
  245 000001A0 F04F 0073       LDR              R0, =char_s
  246 000001A4 F7FF FFFE       BL               LCD_Display_Character
  247 000001A8 F04F 006F       LDR              R0, =char_o
  248 000001AC F7FF FFFE       BL               LCD_Display_Character
  249 000001B0         
  250 000001B0 E037            B                end
  251 000001B2         
  252 000001B2         
  253 000001B2         full_step
  254 000001B2 F04F 0050       LDR              R0, =char_P
  255 000001B6 F7FF FFFE       BL               LCD_Display_Character
  256 000001BA F04F 0061       LDR              R0, =char_a
  257 000001BE F7FF FFFE       BL               LCD_Display_Character
  258 000001C2 F04F 0073       LDR              R0, =char_s
  259 000001C6 F7FF FFFE       BL               LCD_Display_Character
  260 000001CA F04F 0073       LDR              R0, =char_s
  261 000001CE F7FF FFFE       BL               LCD_Display_Character
  262 000001D2 F04F 006F       LDR              R0, =char_o
  263 000001D6 F7FF FFFE       BL               LCD_Display_Character
  264 000001DA F04F 0020       LDR              R0, =char_space
  265 000001DE F7FF FFFE       BL               LCD_Display_Character
  266 000001E2 F04F 0063       LDR              R0, =char_c
  267 000001E6 F7FF FFFE       BL               LCD_Display_Character
  268 000001EA F04F 006F       LDR              R0, =char_o
  269 000001EE F7FF FFFE       BL               LCD_Display_Character
  270 000001F2 F04F 006D       LDR              R0, =char_m
  271 000001F6 F7FF FFFE       BL               LCD_Display_Character
  272 000001FA F04F 0070       LDR              R0, =char_p
  273 000001FE F7FF FFFE       BL               LCD_Display_Character
  274 00000202 F04F 006C       LDR              R0, =char_l



ARM Macro Assembler    Page 7 


  275 00000206 F7FF FFFE       BL               LCD_Display_Character
  276 0000020A F04F 0065       LDR              R0, =char_e
  277 0000020E F7FF FFFE       BL               LCD_Display_Character
  278 00000212 F04F 0074       LDR              R0, =char_t
  279 00000216 F7FF FFFE       BL               LCD_Display_Character
  280 0000021A F04F 006F       LDR              R0, =char_o
  281 0000021E F7FF FFFE       BL               LCD_Display_Character
  282 00000222         
  283 00000222         
  284 00000222         end
  285 00000222 F85D EB04       POP              {LR}
  286 00000226 4770            BX               LR
  287 00000228         
  288 00000228         ; ------------------------------------------------------
                       ------------------------
  289 00000228         ; Funcao create_reset_row
  290 00000228         ; Seta hardcode no LCD para apresentar "Resetando..."
  291 00000228         ; Parametro de entrada: nenhum
  292 00000228         ; Parametro de saida: nenhum
  293 00000228         create_reset_row
  294 00000228 B500            PUSH             {LR}
  295 0000022A         
  296 0000022A F7FF FFFE       BL               LCD_Reset
  297 0000022E         
  298 0000022E         ; Resetando
  299 0000022E F04F 0052       LDR              R0, =char_R
  300 00000232 F7FF FFFE       BL               LCD_Display_Character
  301 00000236 F04F 0065       LDR              R0, =char_e
  302 0000023A F7FF FFFE       BL               LCD_Display_Character
  303 0000023E F04F 0073       LDR              R0, =char_s
  304 00000242 F7FF FFFE       BL               LCD_Display_Character
  305 00000246 F04F 0065       LDR              R0, =char_e
  306 0000024A F7FF FFFE       BL               LCD_Display_Character
  307 0000024E F04F 0074       LDR              R0, =char_t
  308 00000252 F7FF FFFE       BL               LCD_Display_Character
  309 00000256 F04F 0061       LDR              R0, =char_a
  310 0000025A F7FF FFFE       BL               LCD_Display_Character
  311 0000025E F04F 006E       LDR              R0, =char_n
  312 00000262 F7FF FFFE       BL               LCD_Display_Character
  313 00000266 F04F 0064       LDR              R0, =char_d
  314 0000026A F7FF FFFE       BL               LCD_Display_Character
  315 0000026E F04F 006F       LDR              R0, =char_o
  316 00000272 F7FF FFFE       BL               LCD_Display_Character
  317 00000276         
  318 00000276         ; ... piscando
  319 00000276 F04F 0900       MOV              R9, #0      ;quantidade de iter
                                                            acoes geral
  320 0000027A         blink_loop
  321 0000027A F1B9 0F05       CMP              R9, #5      ;Enquanto nao fizer
                                                             x vezes, nao final
                                                            iza
  322 0000027E D062            BEQ              display_resetado
  323 00000280         
  324 00000280         display_dots
  325 00000280 F109 0901       ADD              R9, #1      ;Soma 1 no iterador
                                                            
  326 00000284         
  327 00000284 F04F 002E       LDR              R0 , =char_dot
  328 00000288 F7FF FFFE       BL               LCD_Display_Character



ARM Macro Assembler    Page 8 


  329 0000028C F04F 0296       MOV              R2, #150
  330 00000290 F7FF FFFE       BL               SysTick_Wait1ms ;Mostra primeir
                                                            o ponto e espera um
                                                             pouco
  331 00000294 F04F 002E       LDR              R0, =char_dot
  332 00000298 F7FF FFFE       BL               LCD_Display_Character
  333 0000029C F04F 0296       MOV              R2, #150
  334 000002A0 F7FF FFFE       BL               SysTick_Wait1ms ;Mostra segundo
                                                             ponto e espera um 
                                                            pouco
  335 000002A4 F04F 002E       LDR              R0, =char_dot
  336 000002A8 F7FF FFFE       BL               LCD_Display_Character
  337 000002AC F04F 0296       MOV              R2, #150
  338 000002B0 F7FF FFFE       BL               SysTick_Wait1ms ;Mostra terceir
                                                            o ponto e espera um
                                                             pouco
  339 000002B4         
  340 000002B4         
  341 000002B4         LCD_Clear_Tail                       ;limpa os 3 pontos 
                                                            finais
  342 000002B4         
  343 000002B4 F04F 0800       MOV              R8, #0      ;contador de iterac
                                                            oes de espacos
  344 000002B8 F04F 0700       MOV              R7, #0      ;contador de iterac
                                                            oes de left shift
  345 000002BC         
  346 000002BC         cursor_shift_left                    ;Volta os 3 dígito
                                                            s para esquerda
  347 000002BC 4829            LDR              R0, =GPIO_PORTK_DATA_R
  348 000002BE F04F 0110       MOV              R1, #2_10000
  349 000002C2 6001            STR              R1, [R0]
  350 000002C4         
  351 000002C4 4828            LDR              R0, =GPIO_PORTM_DATA_R
  352 000002C6 F04F 0104       MOV              R1, #2_100
  353 000002CA 6001            STR              R1, [R0]
  354 000002CC         
  355 000002CC F04F 0002       MOV              R0, #2
  356 000002D0 F7FF FFFE       BL               SysTick_Wait1us
  357 000002D4         
  358 000002D4 4824            LDR              R0, =GPIO_PORTM_DATA_R
  359 000002D6 F04F 0100       MOV              R1, #0x00
  360 000002DA 6001            STR              R1, [R0]
  361 000002DC         
  362 000002DC F04F 0002       MOV              R0, #2
  363 000002E0 F7FF FFFE       BL               SysTick_Wait1us
  364 000002E4         
  365 000002E4 F108 0801       ADD              R8, #1
  366 000002E8 F1B8 0F03       CMP              R8, #3
  367 000002EC D1E6            BNE              cursor_shift_left
  368 000002EE         
  369 000002EE         
  370 000002EE         display_spaces                       ;Mostra 3 espaços 
                                                            caso ja nao tenha m
                                                            ostrado
  371 000002EE F04F 0020       LDR              R0, =char_space
  372 000002F2 F7FF FFFE       BL               LCD_Display_Character
  373 000002F6 F04F 0020       LDR              R0, =char_space
  374 000002FA F7FF FFFE       BL               LCD_Display_Character
  375 000002FE F04F 0020       LDR              R0, =char_space



ARM Macro Assembler    Page 9 


  376 00000302 F7FF FFFE       BL               LCD_Display_Character
  377 00000306         
  378 00000306 F04F 0296       MOV              R2, #150
  379 0000030A F7FF FFFE       BL               SysTick_Wait1ms
  380 0000030E         
  381 0000030E F04F 0800       MOV              R8, #0
  382 00000312         cursor_shift_left2
  383 00000312 4814            LDR              R0, =GPIO_PORTK_DATA_R
  384 00000314 F04F 0110       MOV              R1, #2_10000
  385 00000318 6001            STR              R1, [R0]
  386 0000031A         
  387 0000031A 4813            LDR              R0, =GPIO_PORTM_DATA_R
  388 0000031C F04F 0104       MOV              R1, #2_100
  389 00000320 6001            STR              R1, [R0]
  390 00000322         
  391 00000322 F04F 0002       MOV              R0, #2
  392 00000326 F7FF FFFE       BL               SysTick_Wait1us
  393 0000032A         
  394 0000032A 480F            LDR              R0, =GPIO_PORTM_DATA_R
  395 0000032C F04F 0100       MOV              R1, #0x00
  396 00000330 6001            STR              R1, [R0]
  397 00000332         
  398 00000332 F04F 0002       MOV              R0, #2
  399 00000336 F7FF FFFE       BL               SysTick_Wait1us
  400 0000033A         
  401 0000033A F108 0801       ADD              R8, #1
  402 0000033E F1B8 0F03       CMP              R8, #3
  403 00000342 D1E6            BNE              cursor_shift_left2
  404 00000344         
  405 00000344 E799            B                blink_loop  ;Se nao voltou depo
                                                            is do espaco, volta
                                                            . Se voltou, printa
                                                             pontos dnv ou sai 
                                                            do loop
  406 00000346         
  407 00000346         display_resetado
  408 00000346         
  409 00000346 F7FF FFFE       BL               create_data_row
  410 0000034A         
  411 0000034A F85D EB04       POP              {LR}
  412 0000034E 4770            BX               LR
  413 00000350         
  414 00000350         
  415 00000350                 ALIGN
  416 00000350                 END
              2003000C 
              20030000 
              20030010 
              20030004 
              20030008 
              400613FC 
              400633FC 
Command Line: --debug --xref --diag_suppress=9931,A1950W --cpu=Cortex-M4.fp.sp 
--depend=.\objects\lcd_create.d -o.\objects\lcd_create.o -IC:\Users\Ricar\AppDa
ta\Local\Arm\Packs\Keil\TM4C_DFP\1.1.0\Device\Include\TM4C129 --predefine="__EV
AL SETA 1" --predefine="__UVISION_VERSION SETA 541" --predefine="TM4C1294NCPDT 
SETA 1" --list=.\listings\lcd_create.lst lcd_create.s



ARM Macro Assembler    Page 1 Alphabetic symbol ordering
Relocatable symbols

.text 00000000

Symbol: .text
   Definitions
      At line 73 in file lcd_create.s
   Uses
      None
Comment: .text unused
LCD_Clear_Tail 000002B4

Symbol: LCD_Clear_Tail
   Definitions
      At line 341 in file lcd_create.s
   Uses
      None
Comment: LCD_Clear_Tail unused
blink_loop 0000027A

Symbol: blink_loop
   Definitions
      At line 320 in file lcd_create.s
   Uses
      At line 405 in file lcd_create.s
Comment: blink_loop used once
create_data_row 00000000

Symbol: create_data_row
   Definitions
      At line 92 in file lcd_create.s
   Uses
      At line 75 in file lcd_create.s
      At line 409 in file lcd_create.s

create_increment_row 000000C0

Symbol: create_increment_row
   Definitions
      At line 170 in file lcd_create.s
   Uses
      At line 76 in file lcd_create.s
Comment: create_increment_row used once
create_mode_row 0000012C

Symbol: create_mode_row
   Definitions
      At line 209 in file lcd_create.s
   Uses
      At line 78 in file lcd_create.s
Comment: create_mode_row used once
create_reset_row 00000228

Symbol: create_reset_row
   Definitions
      At line 293 in file lcd_create.s
   Uses
      At line 77 in file lcd_create.s
Comment: create_reset_row used once
cursor_shift_left 000002BC




ARM Macro Assembler    Page 2 Alphabetic symbol ordering
Relocatable symbols

Symbol: cursor_shift_left
   Definitions
      At line 346 in file lcd_create.s
   Uses
      At line 367 in file lcd_create.s
Comment: cursor_shift_left used once
cursor_shift_left2 00000312

Symbol: cursor_shift_left2
   Definitions
      At line 382 in file lcd_create.s
   Uses
      At line 403 in file lcd_create.s
Comment: cursor_shift_left2 used once
display_dots 00000280

Symbol: display_dots
   Definitions
      At line 324 in file lcd_create.s
   Uses
      None
Comment: display_dots unused
display_resetado 00000346

Symbol: display_resetado
   Definitions
      At line 407 in file lcd_create.s
   Uses
      At line 322 in file lcd_create.s
Comment: display_resetado used once
display_spaces 000002EE

Symbol: display_spaces
   Definitions
      At line 370 in file lcd_create.s
   Uses
      None
Comment: display_spaces unused
end 00000222

Symbol: end
   Definitions
      At line 284 in file lcd_create.s
   Uses
      At line 250 in file lcd_create.s
Comment: end used once
full_step 000001B2

Symbol: full_step
   Definitions
      At line 253 in file lcd_create.s
   Uses
      At line 227 in file lcd_create.s
Comment: full_step used once
positive 00000056

Symbol: positive
   Definitions
      At line 122 in file lcd_create.s



ARM Macro Assembler    Page 3 Alphabetic symbol ordering
Relocatable symbols

   Uses
      At line 118 in file lcd_create.s
Comment: positive used once
positive2 000000B2

Symbol: positive2
   Definitions
      At line 156 in file lcd_create.s
   Uses
      At line 152 in file lcd_create.s
Comment: positive2 used once
16 symbols



ARM Macro Assembler    Page 1 Alphabetic symbol ordering
Absolute symbols

ANGLE 20030000

Symbol: ANGLE
   Definitions
      At line 65 in file lcd_create.s
   Uses
      At line 124 in file lcd_create.s
Comment: ANGLE used once
APOLARITY 2003000C

Symbol: APOLARITY
   Definitions
      At line 68 in file lcd_create.s
   Uses
      At line 115 in file lcd_create.s
Comment: APOLARITY used once
CURR_KEY 20020004

Symbol: CURR_KEY
   Definitions
      At line 64 in file lcd_create.s
   Uses
      None
Comment: CURR_KEY unused
GPIO_PORTK_DATA_R 400613FC

Symbol: GPIO_PORTK_DATA_R
   Definitions
      At line 14 in file lcd_create.s
   Uses
      At line 347 in file lcd_create.s
      At line 383 in file lcd_create.s

GPIO_PORTM_DATA_R 400633FC

Symbol: GPIO_PORTM_DATA_R
   Definitions
      At line 15 in file lcd_create.s
   Uses
      At line 351 in file lcd_create.s
      At line 358 in file lcd_create.s
      At line 387 in file lcd_create.s
      At line 394 in file lcd_create.s

MODE 20030008

Symbol: MODE
   Definitions
      At line 67 in file lcd_create.s
   Uses
      At line 225 in file lcd_create.s
Comment: MODE used once
TPOLARITY 20030010

Symbol: TPOLARITY
   Definitions
      At line 69 in file lcd_create.s
   Uses
      At line 149 in file lcd_create.s



ARM Macro Assembler    Page 2 Alphabetic symbol ordering
Absolute symbols

Comment: TPOLARITY used once
TURN 20030004

Symbol: TURN
   Definitions
      At line 66 in file lcd_create.s
   Uses
      At line 158 in file lcd_create.s
Comment: TURN used once
char_0 00000030

Symbol: char_0
   Definitions
      At line 20 in file lcd_create.s
   Uses
      None
Comment: char_0 unused
char_1 00000031

Symbol: char_1
   Definitions
      At line 21 in file lcd_create.s
   Uses
      None
Comment: char_1 unused
char_2 00000032

Symbol: char_2
   Definitions
      At line 22 in file lcd_create.s
   Uses
      None
Comment: char_2 unused
char_3 00000033

Symbol: char_3
   Definitions
      At line 23 in file lcd_create.s
   Uses
      None
Comment: char_3 unused
char_4 00000034

Symbol: char_4
   Definitions
      At line 24 in file lcd_create.s
   Uses
      None
Comment: char_4 unused
char_5 00000035

Symbol: char_5
   Definitions
      At line 25 in file lcd_create.s
   Uses
      None
Comment: char_5 unused
char_6 00000036




ARM Macro Assembler    Page 3 Alphabetic symbol ordering
Absolute symbols

Symbol: char_6
   Definitions
      At line 26 in file lcd_create.s
   Uses
      None
Comment: char_6 unused
char_7 00000037

Symbol: char_7
   Definitions
      At line 27 in file lcd_create.s
   Uses
      None
Comment: char_7 unused
char_8 00000038

Symbol: char_8
   Definitions
      At line 28 in file lcd_create.s
   Uses
      None
Comment: char_8 unused
char_9 00000039

Symbol: char_9
   Definitions
      At line 29 in file lcd_create.s
   Uses
      None
Comment: char_9 unused
char_A 00000041

Symbol: char_A
   Definitions
      At line 38 in file lcd_create.s
   Uses
      At line 97 in file lcd_create.s
Comment: char_A used once
char_D 00000058

Symbol: char_D
   Definitions
      At line 39 in file lcd_create.s
   Uses
      None
Comment: char_D unused
char_I 00000049

Symbol: char_I
   Definitions
      At line 40 in file lcd_create.s
   Uses
      At line 175 in file lcd_create.s
Comment: char_I used once
char_M 0000004D

Symbol: char_M
   Definitions
      At line 41 in file lcd_create.s



ARM Macro Assembler    Page 4 Alphabetic symbol ordering
Absolute symbols

   Uses
      At line 212 in file lcd_create.s
      At line 229 in file lcd_create.s

char_P 00000050

Symbol: char_P
   Definitions
      At line 42 in file lcd_create.s
   Uses
      At line 254 in file lcd_create.s
Comment: char_P used once
char_R 00000052

Symbol: char_R
   Definitions
      At line 43 in file lcd_create.s
   Uses
      At line 299 in file lcd_create.s
Comment: char_R used once
char_V 00000056

Symbol: char_V
   Definitions
      At line 44 in file lcd_create.s
   Uses
      At line 133 in file lcd_create.s
Comment: char_V used once
char_a 00000061

Symbol: char_a
   Definitions
      At line 45 in file lcd_create.s
   Uses
      At line 141 in file lcd_create.s
      At line 241 in file lcd_create.s
      At line 256 in file lcd_create.s
      At line 309 in file lcd_create.s

char_angle 000000DF

Symbol: char_angle
   Definitions
      At line 32 in file lcd_create.s
   Uses
      At line 128 in file lcd_create.s
Comment: char_angle used once
char_b 00000062

Symbol: char_b
   Definitions
      At line 46 in file lcd_create.s
   Uses
      None
Comment: char_b unused
char_c 00000063

Symbol: char_c
   Definitions



ARM Macro Assembler    Page 5 Alphabetic symbol ordering
Absolute symbols

      At line 47 in file lcd_create.s
   Uses
      At line 179 in file lcd_create.s
      At line 266 in file lcd_create.s

char_cdot 000000A5

Symbol: char_cdot
   Definitions
      At line 30 in file lcd_create.s
   Uses
      None
Comment: char_cdot unused
char_d 00000064

Symbol: char_d
   Definitions
      At line 48 in file lcd_create.s
   Uses
      At line 216 in file lcd_create.s
      At line 313 in file lcd_create.s

char_dois_pontos 0000003A

Symbol: char_dois_pontos
   Definitions
      At line 36 in file lcd_create.s
   Uses
      At line 109 in file lcd_create.s
      At line 143 in file lcd_create.s
      At line 195 in file lcd_create.s
      At line 220 in file lcd_create.s

char_dot 0000002E

Symbol: char_dot
   Definitions
      At line 31 in file lcd_create.s
   Uses
      At line 327 in file lcd_create.s
      At line 331 in file lcd_create.s
      At line 335 in file lcd_create.s

char_e 00000065

Symbol: char_e
   Definitions
      At line 49 in file lcd_create.s
   Uses
      At line 183 in file lcd_create.s
      At line 187 in file lcd_create.s
      At line 231 in file lcd_create.s
      At line 276 in file lcd_create.s
      At line 301 in file lcd_create.s
      At line 305 in file lcd_create.s

char_g 00000067

Symbol: char_g



ARM Macro Assembler    Page 6 Alphabetic symbol ordering
Absolute symbols

   Definitions
      At line 50 in file lcd_create.s
   Uses
      At line 101 in file lcd_create.s
Comment: char_g used once
char_i 00000069

Symbol: char_i
   Definitions
      At line 51 in file lcd_create.s
   Uses
      At line 233 in file lcd_create.s
Comment: char_i used once
char_l 0000006C

Symbol: char_l
   Definitions
      At line 52 in file lcd_create.s
   Uses
      At line 105 in file lcd_create.s
      At line 137 in file lcd_create.s
      At line 274 in file lcd_create.s

char_m 0000006D

Symbol: char_m
   Definitions
      At line 53 in file lcd_create.s
   Uses
      At line 185 in file lcd_create.s
      At line 270 in file lcd_create.s

char_minus 0000002D

Symbol: char_minus
   Definitions
      At line 34 in file lcd_create.s
   Uses
      At line 120 in file lcd_create.s
      At line 154 in file lcd_create.s
      At line 237 in file lcd_create.s

char_n 0000006E

Symbol: char_n
   Definitions
      At line 54 in file lcd_create.s
   Uses
      At line 99 in file lcd_create.s
      At line 177 in file lcd_create.s
      At line 189 in file lcd_create.s
      At line 311 in file lcd_create.s

char_o 0000006F

Symbol: char_o
   Definitions
      At line 55 in file lcd_create.s
   Uses



ARM Macro Assembler    Page 7 Alphabetic symbol ordering
Absolute symbols

      At line 107 in file lcd_create.s
      At line 135 in file lcd_create.s
      At line 193 in file lcd_create.s
      At line 214 in file lcd_create.s
      At line 218 in file lcd_create.s
      At line 235 in file lcd_create.s
      At line 247 in file lcd_create.s
      At line 262 in file lcd_create.s
      At line 268 in file lcd_create.s
      At line 280 in file lcd_create.s
      At line 315 in file lcd_create.s

char_p 00000070

Symbol: char_p
   Definitions
      At line 56 in file lcd_create.s
   Uses
      At line 239 in file lcd_create.s
      At line 272 in file lcd_create.s

char_parenteses_dir 00000029

Symbol: char_parenteses_dir
   Definitions
      At line 37 in file lcd_create.s
   Uses
      None
Comment: char_parenteses_dir unused
char_plus 0000002B

Symbol: char_plus
   Definitions
      At line 33 in file lcd_create.s
   Uses
      None
Comment: char_plus unused
char_r 00000072

Symbol: char_r
   Definitions
      At line 57 in file lcd_create.s
   Uses
      At line 181 in file lcd_create.s
Comment: char_r used once
char_s 00000073

Symbol: char_s
   Definitions
      At line 58 in file lcd_create.s
   Uses
      At line 243 in file lcd_create.s
      At line 245 in file lcd_create.s
      At line 258 in file lcd_create.s
      At line 260 in file lcd_create.s
      At line 303 in file lcd_create.s

char_space 00000020




ARM Macro Assembler    Page 8 Alphabetic symbol ordering
Absolute symbols

Symbol: char_space
   Definitions
      At line 35 in file lcd_create.s
   Uses
      At line 111 in file lcd_create.s
      At line 145 in file lcd_create.s
      At line 197 in file lcd_create.s
      At line 264 in file lcd_create.s
      At line 371 in file lcd_create.s
      At line 373 in file lcd_create.s
      At line 375 in file lcd_create.s

char_t 00000074

Symbol: char_t
   Definitions
      At line 59 in file lcd_create.s
   Uses
      At line 139 in file lcd_create.s
      At line 191 in file lcd_create.s
      At line 278 in file lcd_create.s
      At line 307 in file lcd_create.s

char_u 00000075

Symbol: char_u
   Definitions
      At line 60 in file lcd_create.s
   Uses
      At line 103 in file lcd_create.s
Comment: char_u used once
char_x 00000078

Symbol: char_x
   Definitions
      At line 61 in file lcd_create.s
   Uses
      None
Comment: char_x unused
50 symbols



ARM Macro Assembler    Page 1 Alphabetic symbol ordering
External symbols

LCD_Display_Character 00000000

Symbol: LCD_Display_Character
   Definitions
      At line 84 in file lcd_create.s
   Uses
      At line 98 in file lcd_create.s
      At line 100 in file lcd_create.s
      At line 102 in file lcd_create.s
      At line 104 in file lcd_create.s
      At line 106 in file lcd_create.s
      At line 108 in file lcd_create.s
      At line 110 in file lcd_create.s
      At line 112 in file lcd_create.s
      At line 121 in file lcd_create.s
      At line 129 in file lcd_create.s
      At line 134 in file lcd_create.s
      At line 136 in file lcd_create.s
      At line 138 in file lcd_create.s
      At line 140 in file lcd_create.s
      At line 142 in file lcd_create.s
      At line 144 in file lcd_create.s
      At line 146 in file lcd_create.s
      At line 155 in file lcd_create.s
      At line 176 in file lcd_create.s
      At line 178 in file lcd_create.s
      At line 180 in file lcd_create.s
      At line 182 in file lcd_create.s
      At line 184 in file lcd_create.s
      At line 186 in file lcd_create.s
      At line 188 in file lcd_create.s
      At line 190 in file lcd_create.s
      At line 192 in file lcd_create.s
      At line 194 in file lcd_create.s
      At line 196 in file lcd_create.s
      At line 198 in file lcd_create.s
      At line 213 in file lcd_create.s
      At line 215 in file lcd_create.s
      At line 217 in file lcd_create.s
      At line 219 in file lcd_create.s
      At line 221 in file lcd_create.s
      At line 230 in file lcd_create.s
      At line 232 in file lcd_create.s
      At line 234 in file lcd_create.s
      At line 236 in file lcd_create.s
      At line 238 in file lcd_create.s
      At line 240 in file lcd_create.s
      At line 242 in file lcd_create.s
      At line 244 in file lcd_create.s
      At line 246 in file lcd_create.s
      At line 248 in file lcd_create.s
      At line 255 in file lcd_create.s
      At line 257 in file lcd_create.s
      At line 259 in file lcd_create.s
      At line 261 in file lcd_create.s
      At line 263 in file lcd_create.s
      At line 265 in file lcd_create.s
      At line 267 in file lcd_create.s
      At line 269 in file lcd_create.s



ARM Macro Assembler    Page 2 Alphabetic symbol ordering
External symbols

      At line 271 in file lcd_create.s
      At line 273 in file lcd_create.s
      At line 275 in file lcd_create.s
      At line 277 in file lcd_create.s
      At line 279 in file lcd_create.s
      At line 281 in file lcd_create.s
      At line 300 in file lcd_create.s
      At line 302 in file lcd_create.s
      At line 304 in file lcd_create.s
      At line 306 in file lcd_create.s
      At line 308 in file lcd_create.s
      At line 310 in file lcd_create.s
      At line 312 in file lcd_create.s
      At line 314 in file lcd_create.s
      At line 316 in file lcd_create.s
      At line 328 in file lcd_create.s
      At line 332 in file lcd_create.s
      At line 336 in file lcd_create.s
      At line 372 in file lcd_create.s
      At line 374 in file lcd_create.s
      At line 376 in file lcd_create.s

LCD_Display_Number 00000000

Symbol: LCD_Display_Number
   Definitions
      At line 83 in file lcd_create.s
   Uses
      At line 126 in file lcd_create.s
      At line 160 in file lcd_create.s

LCD_Reset 00000000

Symbol: LCD_Reset
   Definitions
      At line 86 in file lcd_create.s
   Uses
      At line 95 in file lcd_create.s
      At line 173 in file lcd_create.s
      At line 296 in file lcd_create.s

LCD_go_to_second_line 00000000

Symbol: LCD_go_to_second_line
   Definitions
      At line 85 in file lcd_create.s
   Uses
      At line 131 in file lcd_create.s
      At line 223 in file lcd_create.s

SysTick_Wait1ms 00000000

Symbol: SysTick_Wait1ms
   Definitions
      At line 80 in file lcd_create.s
   Uses
      At line 330 in file lcd_create.s
      At line 334 in file lcd_create.s
      At line 338 in file lcd_create.s



ARM Macro Assembler    Page 3 Alphabetic symbol ordering
External symbols

      At line 379 in file lcd_create.s

SysTick_Wait1us 00000000

Symbol: SysTick_Wait1us
   Definitions
      At line 81 in file lcd_create.s
   Uses
      At line 356 in file lcd_create.s
      At line 363 in file lcd_create.s
      At line 392 in file lcd_create.s
      At line 399 in file lcd_create.s

6 symbols
408 symbols in table
