


ARM Macro Assembler    Page 1 


    1 00000000         ; multi_table.s
    2 00000000         ; Desenvolvido para a placa EK-TM4C1294XL
    3 00000000         ; Jhony Minetto Araujo, Ricardo Marthus Gremmelmaier, Ro
                       drigo Wolsky Poli
    4 00000000         ; Ver 1 02/12/2024
    5 00000000         
    6 00000000         
    7 00000000         ; ------------------------------------------------------
                       -------------------------
    8 00000000                 THUMB                        ; Instrucoes do tip
                                                            o Thumb-2
    9 00000000         ; ------------------------------------------------------
                       -------------------------
   10 00000000         ; Declaracoes EQU - Defines
   11 00000000         ; ========================
   12 00000000         
   13 00000000         ; ================== DEFINICAO DA TABELA ===============
                       ====
   14 00000000         
   15 00000000 20000A00 
                       MULTI_HEAD
                               EQU              0x20000A00
   16 00000000 20020004 
                       CURR_KEY
                               EQU              0x20020004
   17 00000000         
   18 00000000         ; ------------------------------------------------------
                       -------------------------
   19 00000000         ; Area de Codigo
   20 00000000                 AREA             |.text|, CODE, READONLY, ALIGN=
2
   21 00000000         
   22 00000000                 EXPORT           create_table
   23 00000000                 EXPORT           multi_table
   24 00000000                 EXPORT           create_table
   25 00000000         
   26 00000000         ; Funcao create_table
   27 00000000         ; Configura o espaço de memória para armazenar os núm
                       eros da tabuada e dígito 'atual'
   28 00000000         create_table
   29 00000000 4B0B            LDR              R3, =MULTI_HEAD
   30 00000002 F04F 010A       MOV              R1, #10     ; Qtd de numeros a 
                                                            serem armazenados +
                                                             1
   31 00000006 F04F 0209       MOV              R2, #9      ; Digito inicial ar
                                                            mazenado
   32 0000000A         
   33 0000000A         store_loop
   34 0000000A F803 2B01       STRB             R2, [R3], #1
   35 0000000E 1E49            SUBS             R1, R1, #1
   36 00000010 2900            CMP              R1, #0
   37 00000012 D1FA            BNE              store_loop
   38 00000014         
   39 00000014 4770            BX               LR
   40 00000016         
   41 00000016         ; Funcao multi_table
   42 00000016         ; Saida: R2 -> Fator multiplicativo atualizado do numero
                       
   43 00000016         multi_table



ARM Macro Assembler    Page 2 


   44 00000016 4807            LDR              R0, =CURR_KEY ; Recupera a tecl
                                                            a atual
   45 00000018 6801            LDR              R1, [R0]
   46 0000001A         
   47 0000001A 4805            LDR              R0, =MULTI_HEAD
   48 0000001C 4408            ADD              R0, R0, R1
   49 0000001E 7802            LDRB             R2, [R0]    ; Carrega o valor a
                                                            tual da tabuada do 
                                                            dígito em R2
   50 00000020         
   51 00000020 F102 0201       ADD              R2, R2, #1  ; Incrementa o cont
                                                            ador do dígito
   52 00000024         
   53 00000024 2A09            CMP              R2, #9      ; Checa se o valor 
                                                            ultrapassa 9
   54 00000026 BF88            IT               HI
   55 00000028 2200            MOVHI            R2, #0
   56 0000002A         
   57 0000002A 7002            STRB             R2, [R0]    ; Armazena o valor 
                                                            atualizado na memó
                                                            ria
   58 0000002C         
   59 0000002C 4770            BX               LR
   60 0000002E         
   61 0000002E         
   62 0000002E 00 00           ALIGN
   63 00000030                 END
              20000A00 
              20020004 
Command Line: --debug --xref --diag_suppress=9931 --cpu=Cortex-M4.fp.sp --apcs=
interwork --depend=.\objects\multi_table.d -o.\objects\multi_table.o -IC:\Users
\Ricar\AppData\Local\Arm\Packs\Keil\TM4C_DFP\1.1.0\Device\Include\TM4C129 --pre
define="__EVAL SETA 1" --predefine="__UVISION_VERSION SETA 536" --predefine="TM
4C1294NCPDT SETA 1" --list=.\listings\multi_table.lst multi_table.s



ARM Macro Assembler    Page 1 Alphabetic symbol ordering
Relocatable symbols

.text 00000000

Symbol: .text
   Definitions
      At line 20 in file multi_table.s
   Uses
      None
Comment: .text unused
create_table 00000000

Symbol: create_table
   Definitions
      At line 28 in file multi_table.s
   Uses
      At line 22 in file multi_table.s
      At line 24 in file multi_table.s

multi_table 00000016

Symbol: multi_table
   Definitions
      At line 43 in file multi_table.s
   Uses
      At line 23 in file multi_table.s
Comment: multi_table used once
store_loop 0000000A

Symbol: store_loop
   Definitions
      At line 33 in file multi_table.s
   Uses
      At line 37 in file multi_table.s
Comment: store_loop used once
4 symbols



ARM Macro Assembler    Page 1 Alphabetic symbol ordering
Absolute symbols

CURR_KEY 20020004

Symbol: CURR_KEY
   Definitions
      At line 16 in file multi_table.s
   Uses
      At line 44 in file multi_table.s
Comment: CURR_KEY used once
MULTI_HEAD 20000A00

Symbol: MULTI_HEAD
   Definitions
      At line 15 in file multi_table.s
   Uses
      At line 29 in file multi_table.s
      At line 47 in file multi_table.s

2 symbols
342 symbols in table
